2026/01/25 09:12:25 [notice] 1#1: using the "epoll" event method
2026/01/25 09:12:25 [notice] 1#1: nginx/1.24.0
2026/01/25 09:12:25 [notice] 1#1: built by gcc 10.2.1 20210110 (Debian 10.2.1-6) 
2026/01/25 09:12:25 [notice] 1#1: OS: Linux 6.10.14-linuxkit
2026/01/25 09:12:25 [notice] 1#1: getrlimit(RLIMIT_NOFILE): 1048576:1048576
2026/01/25 09:12:25 [notice] 1#1: start worker processes
2026/01/25 09:12:25 [notice] 1#1: start worker process 28
2026/01/25 09:12:25 [notice] 1#1: start worker process 29
2026/01/25 09:12:25 [notice] 1#1: start worker process 30
2026/01/25 09:12:25 [notice] 1#1: start worker process 31
2026/01/25 09:22:39 [notice] 1#1: signal 3 (SIGQUIT) received, shutting down
2026/01/25 09:22:39 [notice] 28#28: gracefully shutting down
2026/01/25 09:22:39 [notice] 29#29: gracefully shutting down
2026/01/25 09:22:39 [notice] 29#29: exiting
2026/01/25 09:22:39 [notice] 30#30: gracefully shutting down
2026/01/25 09:22:39 [notice] 31#31: gracefully shutting down
2026/01/25 09:22:39 [notice] 28#28: exiting
2026/01/25 09:22:39 [notice] 30#30: exiting
2026/01/25 09:22:39 [notice] 29#29: exit
2026/01/25 09:22:39 [notice] 30#30: exit
2026/01/25 09:22:39 [notice] 31#31: exiting
2026/01/25 09:22:39 [notice] 28#28: exit
2026/01/25 09:22:39 [notice] 31#31: exit
2026/01/25 09:22:39 [notice] 1#1: signal 17 (SIGCHLD) received from 28
2026/01/25 09:22:39 [notice] 1#1: worker process 28 exited with code 0
2026/01/25 09:22:39 [notice] 1#1: signal 29 (SIGIO) received
2026/01/25 09:22:39 [notice] 1#1: signal 17 (SIGCHLD) received from 29
2026/01/25 09:22:39 [notice] 1#1: worker process 29 exited with code 0
2026/01/25 09:22:39 [notice] 1#1: worker process 30 exited with code 0
2026/01/25 09:22:39 [notice] 1#1: worker process 31 exited with code 0
2026/01/25 09:22:39 [notice] 1#1: exit
2026/01/25 09:22:49 [notice] 1#1: using the "epoll" event method
2026/01/25 09:22:49 [notice] 1#1: nginx/1.24.0
2026/01/25 09:22:49 [notice] 1#1: built by gcc 10.2.1 20210110 (Debian 10.2.1-6) 
2026/01/25 09:22:49 [notice] 1#1: OS: Linux 6.10.14-linuxkit
2026/01/25 09:22:49 [notice] 1#1: getrlimit(RLIMIT_NOFILE): 1048576:1048576
2026/01/25 09:22:49 [notice] 1#1: start worker processes
2026/01/25 09:22:49 [notice] 1#1: start worker process 28
2026/01/25 09:22:49 [notice] 1#1: start worker process 29
2026/01/25 09:22:49 [notice] 1#1: start worker process 30
2026/01/25 09:22:49 [notice] 1#1: start worker process 31
2026/01/25 09:23:12 [notice] 1#1: signal 3 (SIGQUIT) received, shutting down
2026/01/25 09:23:12 [notice] 30#30: gracefully shutting down
2026/01/25 09:23:12 [notice] 31#31: gracefully shutting down
2026/01/25 09:23:12 [notice] 31#31: exiting
2026/01/25 09:23:12 [notice] 29#29: gracefully shutting down
2026/01/25 09:23:12 [notice] 28#28: gracefully shutting down
2026/01/25 09:23:12 [notice] 30#30: exiting
2026/01/25 09:23:12 [notice] 29#29: exiting
2026/01/25 09:23:12 [notice] 30#30: exit
2026/01/25 09:23:12 [notice] 28#28: exiting
2026/01/25 09:23:12 [notice] 28#28: exit
2026/01/25 09:23:12 [notice] 31#31: exit
2026/01/25 09:23:12 [notice] 29#29: exit
2026/01/25 09:23:13 [notice] 1#1: signal 17 (SIGCHLD) received from 28
2026/01/25 09:23:13 [notice] 1#1: worker process 28 exited with code 0
2026/01/25 09:23:13 [notice] 1#1: worker process 29 exited with code 0
2026/01/25 09:23:13 [notice] 1#1: worker process 30 exited with code 0
2026/01/25 09:23:13 [notice] 1#1: worker process 31 exited with code 0
2026/01/25 09:23:13 [notice] 1#1: exit
2026/01/25 09:28:54 [notice] 1#1: using the "epoll" event method
2026/01/25 09:28:54 [notice] 1#1: nginx/1.24.0
2026/01/25 09:28:54 [notice] 1#1: built by gcc 10.2.1 20210110 (Debian 10.2.1-6) 
2026/01/25 09:28:54 [notice] 1#1: OS: Linux 6.10.14-linuxkit
2026/01/25 09:28:54 [notice] 1#1: getrlimit(RLIMIT_NOFILE): 1048576:1048576
2026/01/25 09:28:54 [notice] 1#1: start worker processes
2026/01/25 09:28:54 [notice] 1#1: start worker process 28
2026/01/25 09:28:54 [notice] 1#1: start worker process 29
2026/01/25 09:28:54 [notice] 1#1: start worker process 30
2026/01/25 09:28:54 [notice] 1#1: start worker process 31
2026/02/01 17:12:18 [notice] 1#1: signal 3 (SIGQUIT) received, shutting down
2026/02/01 17:12:18 [notice] 28#28: gracefully shutting down
2026/02/01 17:12:18 [notice] 31#31: gracefully shutting down
2026/02/01 17:12:18 [notice] 30#30: gracefully shutting down
2026/02/01 17:12:18 [notice] 29#29: gracefully shutting down
2026/02/01 17:12:18 [notice] 28#28: exiting
2026/02/01 17:12:18 [notice] 29#29: exiting
2026/02/01 17:12:18 [notice] 28#28: exit
2026/02/01 17:12:18 [notice] 30#30: exiting
2026/02/01 17:12:18 [notice] 30#30: exit
2026/02/01 17:12:18 [notice] 29#29: exit
2026/02/01 17:12:18 [notice] 31#31: exiting
2026/02/01 17:12:18 [notice] 31#31: exit
2026/02/01 17:12:18 [notice] 1#1: signal 17 (SIGCHLD) received from 29
2026/02/01 17:12:18 [notice] 1#1: worker process 29 exited with code 0
2026/02/01 17:12:18 [notice] 1#1: signal 29 (SIGIO) received
2026/02/01 17:12:18 [notice] 1#1: signal 17 (SIGCHLD) received from 31
2026/02/01 17:12:18 [notice] 1#1: worker process 28 exited with code 0
2026/02/01 17:12:18 [notice] 1#1: worker process 31 exited with code 0
2026/02/01 17:12:18 [notice] 1#1: signal 29 (SIGIO) received
2026/02/01 17:12:18 [notice] 1#1: signal 17 (SIGCHLD) received from 30
2026/02/01 17:12:18 [notice] 1#1: worker process 30 exited with code 0
2026/02/01 17:12:18 [notice] 1#1: exit
2026/02/01 17:12:27 [notice] 1#1: using the "epoll" event method
2026/02/01 17:12:27 [notice] 1#1: nginx/1.24.0
2026/02/01 17:12:27 [notice] 1#1: built by gcc 10.2.1 20210110 (Debian 10.2.1-6) 
2026/02/01 17:12:27 [notice] 1#1: OS: Linux 6.10.14-linuxkit
2026/02/01 17:12:27 [notice] 1#1: getrlimit(RLIMIT_NOFILE): 1048576:1048576
2026/02/01 17:12:27 [notice] 1#1: start worker processes
2026/02/01 17:12:27 [notice] 1#1: start worker process 27
2026/02/01 17:12:27 [notice] 1#1: start worker process 28
2026/02/01 17:12:27 [notice] 1#1: start worker process 29
2026/02/01 17:12:27 [notice] 1#1: start worker process 30
2026/02/21 17:15:27 [notice] 1#1: signal 3 (SIGQUIT) received, shutting down
2026/02/21 17:15:27 [notice] 30#30: gracefully shutting down
2026/02/21 17:15:27 [notice] 27#27: gracefully shutting down
2026/02/21 17:15:27 [notice] 28#28: gracefully shutting down
2026/02/21 17:15:27 [notice] 29#29: gracefully shutting down
2026/02/21 17:15:27 [notice] 29#29: exiting
2026/02/21 17:15:27 [notice] 29#29: exit
2026/02/21 17:15:27 [notice] 28#28: exiting
2026/02/21 17:15:27 [notice] 27#27: exiting
2026/02/21 17:15:27 [notice] 28#28: exit
2026/02/21 17:15:27 [notice] 27#27: exit
2026/02/21 17:15:27 [error] 30#30: *502 recv() failed (104: Connection reset by peer) while reading response header from upstream, client: 172.24.0.1, server: , request: "POST /admin/authenticate?pageUri=login-page HTTP/1.1", upstream: "fastcgi://172.24.0.4:9000", host: "localhost:8080", referrer: "http://localhost:8080/admin/login"
2026/02/21 17:15:27 [notice] 30#30: exiting
2026/02/21 17:15:27 [notice] 30#30: exit
2026/02/21 17:15:27 [notice] 1#1: signal 17 (SIGCHLD) received from 29
2026/02/21 17:15:27 [notice] 1#1: worker process 29 exited with code 0
2026/02/21 17:15:27 [notice] 1#1: signal 29 (SIGIO) received
2026/02/21 17:15:27 [notice] 1#1: signal 17 (SIGCHLD) received from 28
2026/02/21 17:15:27 [notice] 1#1: worker process 28 exited with code 0
2026/02/21 17:15:27 [notice] 1#1: signal 29 (SIGIO) received
2026/02/21 17:15:27 [notice] 1#1: signal 17 (SIGCHLD) received from 27
2026/02/21 17:15:27 [notice] 1#1: worker process 27 exited with code 0
2026/02/21 17:15:27 [notice] 1#1: signal 29 (SIGIO) received
2026/02/21 17:15:27 [notice] 1#1: signal 17 (SIGCHLD) received from 30
2026/02/21 17:15:27 [notice] 1#1: worker process 30 exited with code 0
2026/02/21 17:15:27 [notice] 1#1: exit
2026/02/21 17:15:32 [notice] 1#1: using the "epoll" event method
2026/02/21 17:15:32 [notice] 1#1: nginx/1.24.0
2026/02/21 17:15:32 [notice] 1#1: built by gcc 10.2.1 20210110 (Debian 10.2.1-6) 
2026/02/21 17:15:32 [notice] 1#1: OS: Linux 6.10.14-linuxkit
2026/02/21 17:15:32 [notice] 1#1: getrlimit(RLIMIT_NOFILE): 1048576:1048576
2026/02/21 17:15:32 [notice] 1#1: start worker processes
2026/02/21 17:15:32 [notice] 1#1: start worker process 28
2026/02/21 17:15:32 [notice] 1#1: start worker process 29
2026/02/21 17:15:32 [notice] 1#1: start worker process 30
2026/02/21 17:15:32 [notice] 1#1: start worker process 31
2026/02/21 17:16:47 [notice] 1#1: signal 3 (SIGQUIT) received, shutting down
2026/02/21 17:16:47 [notice] 28#28: gracefully shutting down
2026/02/21 17:16:47 [notice] 28#28: exiting
2026/02/21 17:16:47 [notice] 30#30: gracefully shutting down
2026/02/21 17:16:47 [notice] 29#29: gracefully shutting down
2026/02/21 17:16:47 [notice] 28#28: exit
2026/02/21 17:16:47 [notice] 29#29: exiting
2026/02/21 17:16:47 [notice] 31#31: gracefully shutting down
2026/02/21 17:16:47 [notice] 29#29: exit
2026/02/21 17:16:47 [notice] 31#31: exiting
2026/02/21 17:16:47 [notice] 31#31: exit
2026/02/21 17:16:47 [error] 30#30: *5 recv() failed (104: Connection reset by peer) while reading response header from upstream, client: 172.21.0.1, server: , request: "GET /admin/authenticate?pageUri=login-page HTTP/1.1", upstream: "fastcgi://172.21.0.5:9000", host: "localhost:8080"
2026/02/21 17:16:47 [notice] 1#1: signal 17 (SIGCHLD) received from 29
2026/02/21 17:16:47 [notice] 1#1: worker process 29 exited with code 0
2026/02/21 17:16:47 [notice] 30#30: exiting
2026/02/21 17:16:47 [notice] 30#30: exit
2026/02/21 17:16:47 [notice] 1#1: worker process 28 exited with code 0
2026/02/21 17:16:47 [notice] 1#1: worker process 31 exited with code 0
2026/02/21 17:16:47 [notice] 1#1: signal 29 (SIGIO) received
2026/02/21 17:16:47 [notice] 1#1: signal 17 (SIGCHLD) received from 31
2026/02/21 17:16:47 [notice] 1#1: signal 17 (SIGCHLD) received from 30
2026/02/21 17:16:47 [notice] 1#1: worker process 30 exited with code 0
2026/02/21 17:16:47 [notice] 1#1: exit
2026/02/21 17:16:54 [notice] 1#1: using the "epoll" event method
2026/02/21 17:16:54 [notice] 1#1: nginx/1.24.0
2026/02/21 17:16:54 [notice] 1#1: built by gcc 10.2.1 20210110 (Debian 10.2.1-6) 
2026/02/21 17:16:54 [notice] 1#1: OS: Linux 6.10.14-linuxkit
2026/02/21 17:16:54 [notice] 1#1: getrlimit(RLIMIT_NOFILE): 1048576:1048576
2026/02/21 17:16:54 [notice] 1#1: start worker processes
2026/02/21 17:16:54 [notice] 1#1: start worker process 28
2026/02/21 17:16:54 [notice] 1#1: start worker process 29
2026/02/21 17:16:54 [notice] 1#1: start worker process 30
2026/02/21 17:16:54 [notice] 1#1: start worker process 31
2026/02/21 17:18:58 [error] 29#29: *3 upstream timed out (110: Connection timed out) while reading response header from upstream, client: 172.21.0.1, server: , request: "GET / HTTP/1.1", upstream: "fastcgi://172.21.0.3:9000", host: "localhost:8080"
2026/02/21 17:21:55 [notice] 1#1: signal 3 (SIGQUIT) received, shutting down
2026/02/21 17:21:55 [notice] 28#28: gracefully shutting down
2026/02/21 17:21:55 [notice] 31#31: gracefully shutting down
2026/02/21 17:21:55 [notice] 30#30: gracefully shutting down
2026/02/21 17:21:55 [notice] 28#28: exiting
2026/02/21 17:21:55 [notice] 29#29: gracefully shutting down
2026/02/21 17:21:55 [notice] 29#29: exiting
2026/02/21 17:21:55 [notice] 29#29: exit
2026/02/21 17:21:55 [notice] 28#28: exit
2026/02/21 17:21:55 [error] 31#31: *7 recv() failed (104: Connection reset by peer) while reading response header from upstream, client: 172.21.0.1, server: , request: "GET / HTTP/1.1", upstream: "fastcgi://172.21.0.3:9000", host: "localhost:8080"
2026/02/21 17:21:55 [error] 30#30: *5 recv() failed (104: Connection reset by peer) while reading response header from upstream, client: 172.21.0.1, server: , request: "GET / HTTP/1.1", upstream: "fastcgi://172.21.0.3:9000", host: "localhost:8080"
2026/02/21 17:21:55 [notice] 30#30: exiting
2026/02/21 17:21:55 [notice] 30#30: exit
2026/02/21 17:21:55 [notice] 31#31: exiting
2026/02/21 17:21:55 [notice] 31#31: exit
2026/02/21 17:21:55 [notice] 1#1: signal 17 (SIGCHLD) received from 29
2026/02/21 17:21:55 [notice] 1#1: worker process 29 exited with code 0
2026/02/21 17:21:55 [notice] 1#1: signal 29 (SIGIO) received
2026/02/21 17:21:55 [notice] 1#1: signal 17 (SIGCHLD) received from 28
2026/02/21 17:21:55 [notice] 1#1: worker process 28 exited with code 0
2026/02/21 17:21:55 [notice] 1#1: signal 29 (SIGIO) received
2026/02/21 17:21:55 [notice] 1#1: signal 17 (SIGCHLD) received from 30
2026/02/21 17:21:55 [notice] 1#1: worker process 30 exited with code 0
2026/02/21 17:21:55 [notice] 1#1: worker process 31 exited with code 0
2026/02/21 17:21:55 [notice] 1#1: exit
2026/02/21 17:22:15 [notice] 1#1: using the "epoll" event method
2026/02/21 17:22:15 [notice] 1#1: nginx/1.24.0
2026/02/21 17:22:15 [notice] 1#1: built by gcc 10.2.1 20210110 (Debian 10.2.1-6) 
2026/02/21 17:22:15 [notice] 1#1: OS: Linux 6.10.14-linuxkit
2026/02/21 17:22:15 [notice] 1#1: getrlimit(RLIMIT_NOFILE): 1048576:1048576
2026/02/21 17:22:15 [notice] 1#1: start worker processes
2026/02/21 17:22:15 [notice] 1#1: start worker process 28
2026/02/21 17:22:15 [notice] 1#1: start worker process 29
2026/02/21 17:22:15 [notice] 1#1: start worker process 30
2026/02/21 17:22:15 [notice] 1#1: start worker process 31
2026/02/21 17:23:28 [error] 29#29: *1 upstream timed out (110: Connection timed out) while reading response header from upstream, client: 172.21.0.1, server: , request: "GET / HTTP/1.1", upstream: "fastcgi://172.21.0.5:9000", host: "localhost:8080"
2026/02/21 17:24:07 [notice] 1#1: signal 3 (SIGQUIT) received, shutting down
2026/02/21 17:24:07 [notice] 28#28: gracefully shutting down
2026/02/21 17:24:07 [notice] 29#29: gracefully shutting down
2026/02/21 17:24:07 [notice] 28#28: exiting
2026/02/21 17:24:07 [notice] 30#30: gracefully shutting down
2026/02/21 17:24:07 [notice] 31#31: gracefully shutting down
2026/02/21 17:24:07 [notice] 30#30: exiting
2026/02/21 17:24:07 [notice] 29#29: exiting
2026/02/21 17:24:07 [notice] 28#28: exit
2026/02/21 17:24:07 [notice] 31#31: exiting
2026/02/21 17:24:07 [notice] 30#30: exit
2026/02/21 17:24:07 [notice] 29#29: exit
2026/02/21 17:24:07 [notice] 31#31: exit
2026/02/21 17:24:07 [notice] 1#1: signal 17 (SIGCHLD) received from 29
2026/02/21 17:24:07 [notice] 1#1: worker process 29 exited with code 0
2026/02/21 17:24:07 [notice] 1#1: worker process 30 exited with code 0
2026/02/21 17:24:07 [notice] 1#1: worker process 31 exited with code 0
2026/02/21 17:24:07 [notice] 1#1: signal 29 (SIGIO) received
2026/02/21 17:24:07 [notice] 1#1: signal 17 (SIGCHLD) received from 30
2026/02/21 17:24:07 [notice] 1#1: signal 17 (SIGCHLD) received from 28
2026/02/21 17:24:07 [notice] 1#1: worker process 28 exited with code 0
2026/02/21 17:24:07 [notice] 1#1: exit
2026/02/21 17:26:13 [notice] 1#1: using the "epoll" event method
2026/02/21 17:26:13 [notice] 1#1: nginx/1.24.0
2026/02/21 17:26:13 [notice] 1#1: built by gcc 10.2.1 20210110 (Debian 10.2.1-6) 
2026/02/21 17:26:13 [notice] 1#1: OS: Linux 6.10.14-linuxkit
2026/02/21 17:26:13 [notice] 1#1: getrlimit(RLIMIT_NOFILE): 1048576:1048576
2026/02/21 17:26:13 [notice] 1#1: start worker processes
2026/02/21 17:26:13 [notice] 1#1: start worker process 28
2026/02/21 17:26:13 [notice] 1#1: start worker process 29
2026/02/21 17:26:13 [notice] 1#1: start worker process 30
2026/02/21 17:26:13 [notice] 1#1: start worker process 31
2026/02/21 17:27:17 [error] 29#29: *1 upstream timed out (110: Connection timed out) while reading response header from upstream, client: 172.21.0.1, server: , request: "GET / HTTP/1.1", upstream: "fastcgi://172.21.0.5:9000", host: "localhost:8080"
2026/02/21 17:40:39 [notice] 1#1: signal 3 (SIGQUIT) received, shutting down
2026/02/21 17:40:39 [notice] 29#29: gracefully shutting down
2026/02/21 17:40:39 [notice] 30#30: gracefully shutting down
2026/02/21 17:40:39 [notice] 31#31: gracefully shutting down
2026/02/21 17:40:39 [notice] 28#28: gracefully shutting down
2026/02/21 17:40:39 [notice] 29#29: exiting
2026/02/21 17:40:39 [notice] 29#29: exit
2026/02/21 17:40:39 [notice] 28#28: exiting
2026/02/21 17:40:39 [notice] 28#28: exit
2026/02/21 17:40:39 [notice] 30#30: exiting
2026/02/21 17:40:39 [notice] 30#30: exit
2026/02/21 17:40:39 [notice] 31#31: exiting
2026/02/21 17:40:39 [notice] 31#31: exit
2026/02/21 17:40:39 [notice] 1#1: signal 17 (SIGCHLD) received from 28
2026/02/21 17:40:39 [notice] 1#1: worker process 28 exited with code 0
2026/02/21 17:40:39 [notice] 1#1: worker process 29 exited with code 0
2026/02/21 17:40:39 [notice] 1#1: worker process 30 exited with code 0
2026/02/21 17:40:39 [notice] 1#1: signal 29 (SIGIO) received
2026/02/21 17:40:39 [notice] 1#1: signal 17 (SIGCHLD) received from 30
2026/02/21 17:40:39 [notice] 1#1: worker process 31 exited with code 0
2026/02/21 17:40:39 [notice] 1#1: exit
2026/02/21 18:06:41 [notice] 1#1: using the "epoll" event method
2026/02/21 18:06:41 [notice] 1#1: nginx/1.24.0
2026/02/21 18:06:41 [notice] 1#1: built by gcc 10.2.1 20210110 (Debian 10.2.1-6) 
2026/02/21 18:06:41 [notice] 1#1: OS: Linux 6.12.68-linuxkit
2026/02/21 18:06:41 [notice] 1#1: getrlimit(RLIMIT_NOFILE): 1048576:1048576
2026/02/21 18:06:41 [notice] 1#1: start worker processes
2026/02/21 18:06:41 [notice] 1#1: start worker process 27
2026/02/21 18:06:41 [notice] 1#1: start worker process 28
2026/02/21 18:06:41 [notice] 1#1: start worker process 29
2026/02/21 18:06:41 [notice] 1#1: start worker process 30
2026/02/21 18:08:11 [error] 27#27: *1 upstream timed out (110: Connection timed out) while reading response header from upstream, client: 192.168.50.1, server: , request: "GET / HTTP/1.1", upstream: "fastcgi://172.21.0.5:9000", host: "localhost:8080"
2026/02/21 18:10:59 [notice] 1#1: signal 3 (SIGQUIT) received, shutting down
2026/02/21 18:10:59 [notice] 27#27: gracefully shutting down
2026/02/21 18:10:59 [notice] 29#29: gracefully shutting down
2026/02/21 18:10:59 [error] 28#28: *3 recv() failed (104: Connection reset by peer) while reading response header from upstream, client: 192.168.50.1, server: , request: "GET / HTTP/1.1", upstream: "fastcgi://172.21.0.5:9000", host: "localhost:8080"
2026/02/21 18:10:59 [notice] 30#30: gracefully shutting down
2026/02/21 18:10:59 [notice] 30#30: exiting
2026/02/21 18:10:59 [notice] 27#27: exiting
2026/02/21 18:10:59 [notice] 27#27: exit
2026/02/21 18:10:59 [notice] 29#29: exiting
2026/02/21 18:10:59 [notice] 30#30: exit
2026/02/21 18:10:59 [notice] 28#28: gracefully shutting down
2026/02/21 18:10:59 [notice] 28#28: exiting
2026/02/21 18:10:59 [notice] 29#29: exit
2026/02/21 18:10:59 [notice] 28#28: exit
2026/02/21 18:11:00 [notice] 1#1: signal 17 (SIGCHLD) received from 30
2026/02/21 18:11:00 [notice] 1#1: worker process 27 exited with code 0
2026/02/21 18:11:00 [notice] 1#1: worker process 28 exited with code 0
2026/02/21 18:11:00 [notice] 1#1: worker process 29 exited with code 0
2026/02/21 18:11:00 [notice] 1#1: worker process 30 exited with code 0
2026/02/21 18:11:00 [notice] 1#1: exit
2026/02/21 18:11:06 [notice] 1#1: using the "epoll" event method
2026/02/21 18:11:06 [notice] 1#1: nginx/1.24.0
2026/02/21 18:11:06 [notice] 1#1: built by gcc 10.2.1 20210110 (Debian 10.2.1-6) 
2026/02/21 18:11:06 [notice] 1#1: OS: Linux 6.12.68-linuxkit
2026/02/21 18:11:06 [notice] 1#1: getrlimit(RLIMIT_NOFILE): 1048576:1048576
2026/02/21 18:11:06 [notice] 1#1: start worker processes
2026/02/21 18:11:06 [notice] 1#1: start worker process 28
2026/02/21 18:11:06 [notice] 1#1: start worker process 29
2026/02/21 18:11:06 [notice] 1#1: start worker process 30
2026/02/21 18:11:06 [notice] 1#1: start worker process 31
2026/02/21 18:14:45 [notice] 1#1: signal 3 (SIGQUIT) received, shutting down
2026/02/21 18:14:45 [notice] 30#30: gracefully shutting down
2026/02/21 18:14:45 [notice] 29#29: gracefully shutting down
2026/02/21 18:14:45 [notice] 30#30: exiting
2026/02/21 18:14:45 [notice] 28#28: gracefully shutting down
2026/02/21 18:14:45 [notice] 28#28: exiting
2026/02/21 18:14:45 [notice] 31#31: gracefully shutting down
2026/02/21 18:14:45 [notice] 31#31: exiting
2026/02/21 18:14:45 [notice] 30#30: exit
2026/02/21 18:14:45 [notice] 29#29: exiting
2026/02/21 18:14:45 [notice] 29#29: exit
2026/02/21 18:14:45 [notice] 28#28: exit
2026/02/21 18:14:45 [notice] 31#31: exit
2026/02/21 18:14:45 [notice] 1#1: signal 17 (SIGCHLD) received from 30
2026/02/21 18:14:45 [notice] 1#1: worker process 29 exited with code 0
2026/02/21 18:14:45 [notice] 1#1: worker process 30 exited with code 0
2026/02/21 18:14:45 [notice] 1#1: signal 29 (SIGIO) received
2026/02/21 18:14:45 [notice] 1#1: signal 17 (SIGCHLD) received from 29
2026/02/21 18:14:45 [notice] 1#1: signal 17 (SIGCHLD) received from 28
2026/02/21 18:14:45 [notice] 1#1: worker process 28 exited with code 0
2026/02/21 18:14:45 [notice] 1#1: worker process 31 exited with code 0
2026/02/21 18:14:45 [notice] 1#1: exit
2026/02/21 19:37:51 [notice] 1#1: using the "epoll" event method
2026/02/21 19:37:51 [notice] 1#1: nginx/1.24.0
2026/02/21 19:37:51 [notice] 1#1: built by gcc 10.2.1 20210110 (Debian 10.2.1-6) 
2026/02/21 19:37:51 [notice] 1#1: OS: Linux 6.12.68-linuxkit
2026/02/21 19:37:51 [notice] 1#1: getrlimit(RLIMIT_NOFILE): 1048576:1048576
2026/02/21 19:37:51 [notice] 1#1: start worker processes
2026/02/21 19:37:51 [notice] 1#1: start worker process 28
2026/02/21 19:37:51 [notice] 1#1: start worker process 29
2026/02/21 19:37:51 [notice] 1#1: start worker process 30
2026/02/21 19:37:51 [notice] 1#1: start worker process 31
2026/02/22 20:12:48 [warn] 29#29: *88 a client request body is buffered to a temporary file /var/cache/nginx/client_temp/0000000001, client: 192.168.50.1, server: , request: "POST /admin/resource/store-file-resource/crud HTTP/1.1", host: "localhost:8080", referrer: "http://localhost:8080/admin/resource/store-file-resource/store-file-form-page"
2026/02/22 20:12:53 [warn] 29#29: *88 a client request body is buffered to a temporary file /var/cache/nginx/client_temp/0000000002, client: 192.168.50.1, server: , request: "POST /admin/resource/store-file-resource/crud HTTP/1.1", host: "localhost:8080", referrer: "http://localhost:8080/admin/resource/store-file-resource/store-file-form-page"
2026/02/22 20:12:56 [warn] 29#29: *88 a client request body is buffered to a temporary file /var/cache/nginx/client_temp/0000000003, client: 192.168.50.1, server: , request: "POST /admin/resource/store-file-resource/crud HTTP/1.1", host: "localhost:8080", referrer: "http://localhost:8080/admin/resource/store-file-resource/store-file-form-page"
2026/02/22 20:12:59 [warn] 29#29: *88 a client request body is buffered to a temporary file /var/cache/nginx/client_temp/0000000004, client: 192.168.50.1, server: , request: "POST /admin/resource/store-file-resource/crud HTTP/1.1", host: "localhost:8080", referrer: "http://localhost:8080/admin/resource/store-file-resource/store-file-form-page"
2026/02/22 20:13:10 [warn] 29#29: *88 a client request body is buffered to a temporary file /var/cache/nginx/client_temp/0000000005, client: 192.168.50.1, server: , request: "POST /admin/resource/store-file-resource/crud HTTP/1.1", host: "localhost:8080", referrer: "http://localhost:8080/admin/resource/store-file-resource/store-file-form-page"
2026/03/07 08:04:29 [notice] 1#1: signal 3 (SIGQUIT) received, shutting down
2026/03/07 08:04:29 [notice] 28#28: gracefully shutting down
2026/03/07 08:04:29 [notice] 28#28: exiting
2026/03/07 08:04:29 [notice] 29#29: gracefully shutting down
2026/03/07 08:04:29 [notice] 29#29: exiting
2026/03/07 08:04:29 [notice] 31#31: gracefully shutting down
2026/03/07 08:04:29 [notice] 28#28: exit
2026/03/07 08:04:29 [notice] 31#31: exiting
2026/03/07 08:04:29 [notice] 29#29: exit
2026/03/07 08:04:29 [notice] 30#30: gracefully shutting down
2026/03/07 08:04:29 [notice] 31#31: exit
2026/03/07 08:04:29 [notice] 30#30: exiting
2026/03/07 08:04:29 [notice] 30#30: exit
2026/03/07 08:04:29 [notice] 1#1: signal 17 (SIGCHLD) received from 29
2026/03/07 08:04:29 [notice] 1#1: worker process 28 exited with code 0
2026/03/07 08:04:29 [notice] 1#1: worker process 29 exited with code 0
2026/03/07 08:04:29 [notice] 1#1: worker process 30 exited with code 0
2026/03/07 08:04:29 [notice] 1#1: worker process 31 exited with code 0
2026/03/07 08:04:29 [notice] 1#1: exit
2026/03/09 19:13:15 [notice] 1#1: using the "epoll" event method
2026/03/09 19:13:15 [notice] 1#1: nginx/1.24.0
2026/03/09 19:13:15 [notice] 1#1: built by gcc 10.2.1 20210110 (Debian 10.2.1-6) 
2026/03/09 19:13:15 [notice] 1#1: OS: Linux 6.12.68-linuxkit
2026/03/09 19:13:15 [notice] 1#1: getrlimit(RLIMIT_NOFILE): 1048576:1048576
2026/03/09 19:13:15 [notice] 1#1: start worker processes
2026/03/09 19:13:15 [notice] 1#1: start worker process 27
2026/03/09 19:13:15 [notice] 1#1: start worker process 28
2026/03/09 19:13:15 [notice] 1#1: start worker process 29
2026/03/09 19:13:15 [notice] 1#1: start worker process 30
2026/03/13 19:13:29 [warn] 28#28: *170 a client request body is buffered to a temporary file /var/cache/nginx/client_temp/0000000001, client: 185.85.0.29, server: , request: "POST /admin/resource/ai-widget-resource/crud HTTP/1.1", host: "localhost:8080", referrer: "http://localhost:8080/admin/resource/ai-widget-resource/ai-widget-form-page"
2026/03/13 19:13:33 [warn] 28#28: *170 a client request body is buffered to a temporary file /var/cache/nginx/client_temp/0000000002, client: 185.85.0.29, server: , request: "POST /admin/resource/ai-widget-resource/crud HTTP/1.1", host: "localhost:8080", referrer: "http://localhost:8080/admin/resource/ai-widget-resource/ai-widget-form-page"
2026/03/13 19:13:36 [warn] 28#28: *170 a client request body is buffered to a temporary file /var/cache/nginx/client_temp/0000000003, client: 185.85.0.29, server: , request: "POST /admin/resource/ai-widget-resource/crud HTTP/1.1", host: "localhost:8080", referrer: "http://localhost:8080/admin/resource/ai-widget-resource/ai-widget-form-page"
2026/03/13 19:13:38 [warn] 28#28: *170 a client request body is buffered to a temporary file /var/cache/nginx/client_temp/0000000004, client: 185.85.0.29, server: , request: "POST /admin/resource/ai-widget-resource/crud HTTP/1.1", host: "localhost:8080", referrer: "http://localhost:8080/admin/resource/ai-widget-resource/ai-widget-form-page"
2026/03/13 19:13:46 [warn] 28#28: *170 a client request body is buffered to a temporary file /var/cache/nginx/client_temp/0000000005, client: 185.85.0.29, server: , request: "POST /admin/resource/ai-widget-resource/crud HTTP/1.1", host: "localhost:8080", referrer: "http://localhost:8080/admin/resource/ai-widget-resource/ai-widget-form-page"
2026/03/13 19:13:50 [warn] 28#28: *170 a client request body is buffered to a temporary file /var/cache/nginx/client_temp/0000000006, client: 185.85.0.29, server: , request: "POST /admin/resource/ai-widget-resource/crud HTTP/1.1", host: "localhost:8080", referrer: "http://localhost:8080/admin/resource/ai-widget-resource/ai-widget-form-page"
2026/03/13 19:13:52 [warn] 28#28: *170 a client request body is buffered to a temporary file /var/cache/nginx/client_temp/0000000007, client: 185.85.0.29, server: , request: "POST /admin/resource/ai-widget-resource/crud HTTP/1.1", host: "localhost:8080", referrer: "http://localhost:8080/admin/resource/ai-widget-resource/ai-widget-form-page"
2026/03/13 19:14:04 [warn] 28#28: *170 a client request body is buffered to a temporary file /var/cache/nginx/client_temp/0000000008, client: 185.85.0.29, server: , request: "POST /admin/resource/ai-widget-resource/crud HTTP/1.1", host: "localhost:8080", referrer: "http://localhost:8080/admin/resource/ai-widget-resource/ai-widget-form-page"
2026/03/13 19:19:44 [warn] 28#28: *182 a client request body is buffered to a temporary file /var/cache/nginx/client_temp/0000000009, client: 185.85.0.29, server: , request: "POST /admin/resource/ai-widget-resource/crud HTTP/1.1", host: "localhost:8080", referrer: "http://localhost:8080/admin/resource/ai-widget-resource/ai-widget-form-page"
2026/03/13 19:56:25 [warn] 29#29: *272 a client request body is buffered to a temporary file /var/cache/nginx/client_temp/0000000010, client: 185.85.0.29, server: , request: "POST /admin/resource/ai-widget-resource/crud HTTP/1.1", host: "localhost:8080", referrer: "http://localhost:8080/admin/resource/ai-widget-resource/ai-widget-form-page"
2026/03/20 19:07:45 [notice] 1#1: using the "epoll" event method
2026/03/20 19:07:45 [notice] 1#1: nginx/1.24.0
2026/03/20 19:07:45 [notice] 1#1: built by gcc 10.2.1 20210110 (Debian 10.2.1-6) 
2026/03/20 19:07:45 [notice] 1#1: OS: Linux 6.12.68-linuxkit
2026/03/20 19:07:45 [notice] 1#1: getrlimit(RLIMIT_NOFILE): 1048576:1048576
2026/03/20 19:07:45 [notice] 1#1: start worker processes
2026/03/20 19:07:45 [notice] 1#1: start worker process 27
2026/03/20 19:07:45 [notice] 1#1: start worker process 28
2026/03/20 19:07:45 [notice] 1#1: start worker process 29
2026/03/20 19:07:45 [notice] 1#1: start worker process 30
2026/03/20 19:27:23 [notice] 1#1: signal 3 (SIGQUIT) received, shutting down
2026/03/20 19:27:23 [notice] 27#27: gracefully shutting down
2026/03/20 19:27:23 [notice] 28#28: gracefully shutting down
2026/03/20 19:27:23 [notice] 29#29: gracefully shutting down
2026/03/20 19:27:23 [notice] 27#27: exiting
2026/03/20 19:27:23 [notice] 30#30: gracefully shutting down
2026/03/20 19:27:23 [notice] 27#27: exit
2026/03/20 19:27:23 [notice] 30#30: exiting
2026/03/20 19:27:23 [notice] 28#28: exiting
2026/03/20 19:27:23 [notice] 30#30: exit
2026/03/20 19:27:23 [notice] 29#29: exiting
2026/03/20 19:27:23 [notice] 29#29: exit
2026/03/20 19:27:23 [notice] 28#28: exit
2026/03/20 19:27:23 [notice] 1#1: signal 17 (SIGCHLD) received from 27
2026/03/20 19:27:23 [notice] 1#1: worker process 27 exited with code 0
2026/03/20 19:27:23 [notice] 1#1: worker process 30 exited with code 0
2026/03/20 19:27:23 [notice] 1#1: signal 29 (SIGIO) received
2026/03/20 19:27:23 [notice] 1#1: signal 17 (SIGCHLD) received from 30
2026/03/20 19:27:23 [notice] 1#1: signal 17 (SIGCHLD) received from 29
2026/03/20 19:27:23 [notice] 1#1: worker process 28 exited with code 0
2026/03/20 19:27:23 [notice] 1#1: worker process 29 exited with code 0
2026/03/20 19:27:23 [notice] 1#1: exit
2026/03/20 19:29:36 [notice] 1#1: using the "epoll" event method
2026/03/20 19:29:36 [notice] 1#1: nginx/1.24.0
2026/03/20 19:29:36 [notice] 1#1: built by gcc 10.2.1 20210110 (Debian 10.2.1-6) 
2026/03/20 19:29:36 [notice] 1#1: OS: Linux 6.12.68-linuxkit
2026/03/20 19:29:36 [notice] 1#1: getrlimit(RLIMIT_NOFILE): 1048576:1048576
2026/03/20 19:29:36 [notice] 1#1: start worker processes
2026/03/20 19:29:36 [notice] 1#1: start worker process 28
2026/03/20 19:29:36 [notice] 1#1: start worker process 29
2026/03/20 19:29:36 [notice] 1#1: start worker process 30
2026/03/20 19:29:36 [notice] 1#1: start worker process 31
2026/03/20 21:24:26 [notice] 1#1: signal 3 (SIGQUIT) received, shutting down
2026/03/20 21:24:26 [notice] 28#28: gracefully shutting down
2026/03/20 21:24:26 [notice] 30#30: gracefully shutting down
2026/03/20 21:24:26 [notice] 31#31: gracefully shutting down
2026/03/20 21:24:26 [notice] 28#28: exiting
2026/03/20 21:24:26 [notice] 29#29: gracefully shutting down
2026/03/20 21:24:26 [notice] 31#31: exiting
2026/03/20 21:24:26 [notice] 30#30: exiting
2026/03/20 21:24:26 [notice] 29#29: exiting
2026/03/20 21:24:26 [notice] 28#28: exit
2026/03/20 21:24:26 [notice] 29#29: exit
2026/03/20 21:24:26 [notice] 30#30: exit
2026/03/20 21:24:26 [notice] 31#31: exit
2026/03/20 21:24:27 [notice] 1#1: signal 17 (SIGCHLD) received from 29
2026/03/20 21:24:27 [notice] 1#1: worker process 29 exited with code 0
2026/03/20 21:24:27 [notice] 1#1: worker process 31 exited with code 0
2026/03/20 21:24:27 [notice] 1#1: signal 29 (SIGIO) received
2026/03/20 21:24:27 [notice] 1#1: signal 17 (SIGCHLD) received from 30
2026/03/20 21:24:27 [notice] 1#1: worker process 30 exited with code 0
2026/03/20 21:24:27 [notice] 1#1: signal 29 (SIGIO) received
2026/03/20 21:24:27 [notice] 1#1: signal 17 (SIGCHLD) received from 28
2026/03/20 21:24:27 [notice] 1#1: worker process 28 exited with code 0
2026/03/20 21:24:27 [notice] 1#1: exit
